{
  "result":[
    {
      "startLine":3,
      "endLine":4,
      "kind":"region"
    },
    {
      "startLine":7,
      "endLine":8,
      "kind":"comment"
    },
    {
      "startLine":9,
      "endLine":36,
      "kind":"region"
    },
    {
      "startLine":16,
      "endLine":17,
      "kind":"region"
    },
    {
      "startLine":18,
      "endLine":19,
      "kind":"region"
    },
    {
      "startLine":20,
      "endLine":21,
      "kind":"region"
    },
    {
      "startLine":29,
      "endLine":30,
      "kind":"region"
    },
    {
      "startLine":34,
      "endLine":35,
      "kind":"region"
    },
    {
      "startLine":39,
      "endLine":42,
      "kind":"region"
    },
    {
      "startLine":45,
      "endLine":80,
      "kind":"region"
    },
    {
      "startLine":46,
      "endLine":48,
      "kind":"region"
    },
    {
      "startLine":51,
      "endLine":57,
      "kind":"region"
    },
    {
      "startLine":52,
      "endLine":53,
      "kind":"region"
    },
    {
      "startLine":53,
      "endLine":53,
      "kind":"region"
    },
    {
      "startLine":55,
      "endLine":56,
      "kind":"region"
    },
    {
      "startLine":56,
      "endLine":56,
      "kind":"region"
    },
    {
      "startLine":60,
      "endLine":64,
      "kind":"region"
    },
    {
      "startLine":61,
      "endLine":63,
      "kind":"region"
    },
    {
      "startLine":63,
      "endLine":63,
      "kind":"region"
    },
    {
      "startLine":67,
      "endLine":69,
      "kind":"region"
    },
    {
      "startLine":72,
      "endLine":73,
      "kind":"region"
    },
    {
      "startLine":74,
      "endLine":75,
      "kind":"region"
    },
    {
      "startLine":78,
      "endLine":79,
      "kind":"region"
    },
    {
      "startLine":83,
      "endLine":85,
      "kind":"region"
    },
    {
      "startLine":0,
      "endLine":1,
      "kind":"region"
    }
  ]
}
